Push 과정 : git clone <url> -> file 추가 및 수정 후 ( add, git commmit -m, git remote add origin 'url') -> git push origin master

l_u3_JE@DESKTOP-Q1N71UP MINGW64 ~/Desktop/New folder
$ ls
TIL2/

l_u3_JE@DESKTOP-Q1N71UP MINGW64 ~/Desktop/New folder
$ cd TIL2

l_u3_JE@DESKTOP-Q1N71UP MINGW64 ~/Desktop/New folder/TIL2 (master)
$ ls
README.md  TIL2.py

l_u3_JE@DESKTOP-Q1N71UP MINGW64 ~/Desktop/New folder/TIL2 (master)
$ vi a.txt

l_u3_JE@DESKTOP-Q1N71UP MINGW64 ~/Desktop/New folder/TIL2 (master)
$ vi b.txt

l_u3_JE@DESKTOP-Q1N71UP MINGW64 ~/Desktop/New folder/TIL2 (master)
$ touch c.txt

l_u3_JE@DESKTOP-Q1N71UP MINGW64 ~/Desktop/New folder/TIL2 (master)
$ ls
README.md  TIL2.py  a.txt  b.txt  c.txt

l_u3_JE@DESKTOP-Q1N71UP MINGW64 ~/Desktop/New folder/TIL2 (master)
$ git status
On branch master
Your branch is up to date with 'origin/master'.

Untracked files:
  (use "git add <file>..." to include in what will be committed)
        a.txt
        b.txt
        c.txt

nothing added to commit but untracked files present (use "git add" to track)

l_u3_JE@DESKTOP-Q1N71UP MINGW64 ~/Desktop/New folder/TIL2 (master)
$ git add .
warning: LF will be replaced by CRLF in a.txt.
The file will have its original line endings in your working directory
warning: LF will be replaced by CRLF in b.txt.
The file will have its original line endings in your working directory

l_u3_JE@DESKTOP-Q1N71UP MINGW64 ~/Desktop/New folder/TIL2 (master)
$ git add
Nothing specified, nothing added.
hint: Maybe you wanted to say 'git add .'?
hint: Turn this message off by running
hint: "git config advice.addEmptyPathspec false"

l_u3_JE@DESKTOP-Q1N71UP MINGW64 ~/Desktop/New folder/TIL2 (master)
$ git status
On branch master
Your branch is up to date with 'origin/master'.

Changes to be committed:
  (use "git restore --staged <file>..." to unstage)
        new file:   a.txt
        new file:   b.txt
        new file:   c.txt


l_u3_JE@DESKTOP-Q1N71UP MINGW64 ~/Desktop/New folder/TIL2 (master)
$ git commit -m 'conflict1'
[master 2ab98f5] conflict1
 3 files changed, 2 insertions(+)
 create mode 100644 a.txt
 create mode 100644 b.txt
 create mode 100644 c.txt

l_u3_JE@DESKTOP-Q1N71UP MINGW64 ~/Desktop/New folder/TIL2 (master)
$ git log
commit 2ab98f5bdfbf223c90be3994ed1f16355070841e (HEAD -> master)
Author: JeongEun-Hwang <dprl2916@naver.com>
Date:   Thu Jan 6 17:48:55 2022 +0900

    conflict1

commit 09660bfe9e10881d99b6d17709514cb6b959fd8d (origin/master, origin/HEAD)
Author: JeongEun-Hwang <dprl2916@naver.com>
Date:   Thu Jan 6 09:55:15 2022 +0900

    add README.md

commit 5e2d8d6ef7e9556fd3f3c33f2aae79b311f87c10
Author: JeongEun-Hwang <dprl2916@naver.com>
Date:   Thu Jan 6 09:49:42 2022 +0900

    add README.md

l_u3_JE@DESKTOP-Q1N71UP MINGW64 ~/Desktop/New folder/TIL2 (master)
$ git log --oneline
2ab98f5 (HEAD -> master) conflict1
09660bf (origin/master, origin/HEAD) add README.md
5e2d8d6 add README.md

l_u3_JE@DESKTOP-Q1N71UP MINGW64 ~/Desktop/New folder/TIL2 (master)
$ git remote add origin https://github.com/JeongEun-Hwang/TIL2.git
error: remote origin already exists.

l_u3_JE@DESKTOP-Q1N71UP MINGW64 ~/Desktop/New folder/TIL2 (master)
$ git push origin master
Enumerating objects: 6, done.
Counting objects: 100% (6/6), done.
Delta compression using up to 4 threads
Compressing objects: 100% (2/2), done.
Writing objects: 100% (5/5), 397 bytes | 99.00 KiB/s, done.
Total 5 (delta 0), reused 0 (delta 0), pack-reused 0
To https://github.com/JeongEun-Hwang/TIL2.git
   09660bf..2ab98f5  master -> master
